2026-05-28 21:23:37  Log file:      /mnt/aiongpfs/users/ipalmamedina/bda-exercises-4-group-1/solutions/problem_2/taxi_20260528_212337.log
2026-05-28 21:23:37  Driver memory: 235g
2026-05-28 21:23:37  Data dir:      /home/users/ipalmamedina/bda-exercises-4-group-1/data/problem_2
2026-05-28 21:23:42  Spark 4.0.0  parallelism=128
2026-05-28 21:23:42  
2026-05-28 21:23:42  ────────────────────────────────────────────────────────────────────────
2026-05-28 21:23:42    Borough polygons
2026-05-28 21:23:42  ────────────────────────────────────────────────────────────────────────
2026-05-28 21:23:42  Broadcast 104 polygons
2026-05-28 21:23:42  
2026-05-28 21:23:42  ────────────────────────────────────────────────────────────────────────
2026-05-28 21:23:42    Loading and enriching trip data (borough + metrics pre-computed)
2026-05-28 21:23:42  ────────────────────────────────────────────────────────────────────────
2026-05-28 21:47:54  Clean trips cached: 14,494,791  (1453s)
2026-05-28 21:47:54  
2026-05-28 21:47:54  ────────────────────────────────────────────────────────────────────────
2026-05-28 21:47:54    (a) Trips starting and ending in the SAME borough
2026-05-28 21:47:54  ────────────────────────────────────────────────────────────────────────
2026-05-28 21:47:56    Borough             Count           Sum (s)   Mean (s)
2026-05-28 21:47:56    Bronx               6,871         3,790,743      551.7
2026-05-28 21:47:56    Brooklyn          192,826       107,838,879      559.3
2026-05-28 21:47:56    Manhattan        12,439,562     7,303,315,054      587.1
2026-05-28 21:47:56    Queens            191,729       141,571,475      738.4
2026-05-28 21:47:56    Staten Island         630           382,219      606.7
2026-05-28 21:47:56  Elapsed: 2s
2026-05-28 21:47:56  
2026-05-28 21:47:56  ────────────────────────────────────────────────────────────────────────
2026-05-28 21:47:56    (b) Trips starting and ending in DIFFERENT boroughs
2026-05-28 21:47:56  ────────────────────────────────────────────────────────────────────────
2026-05-28 21:47:57    Origin            Destination        Count         Sum (s)   Mean (s)
2026-05-28 21:47:57    Bronx           -> Brooklyn              80         168,755     2109.4
2026-05-28 21:47:57    Bronx           -> Manhattan          2,891       2,579,597      892.3
2026-05-28 21:47:57    Bronx           -> Queens               271         358,912     1324.4
2026-05-28 21:47:57    Bronx           -> Staten Island          2           5,060     2530.0
2026-05-28 21:47:57    Brooklyn        -> Bronx                498         924,077     1855.6
2026-05-28 21:47:57    Brooklyn        -> Manhattan        118,418     123,006,196     1038.7
2026-05-28 21:47:57    Brooklyn        -> Queens            17,326      19,497,987     1125.4
2026-05-28 21:47:57    Brooklyn        -> Staten Island        128         196,288     1533.5
2026-05-28 21:47:57    Manhattan       -> Bronx             50,047      66,000,494     1318.8
2026-05-28 21:47:57    Manhattan       -> Brooklyn         439,587     552,088,557     1255.9
2026-05-28 21:47:57    Manhattan       -> Queens           460,642     678,375,125     1472.7
2026-05-28 21:47:57    Manhattan       -> Staten Island      1,924       4,288,559     2229.0
2026-05-28 21:47:57    Queens          -> Bronx              9,751      16,797,770     1722.7
2026-05-28 21:47:57    Queens          -> Brooklyn          81,563     140,449,917     1722.0
2026-05-28 21:47:57    Queens          -> Manhattan        402,316     681,312,640     1693.5
2026-05-28 21:47:57    Queens          -> Staten Island        619       1,628,250     2630.5
2026-05-28 21:47:57    Staten Island   -> Brooklyn               8           8,516     1064.5
2026-05-28 21:47:57    Staten Island   -> Manhattan             41          54,672     1333.5
2026-05-28 21:47:57    Staten Island   -> Queens                 6          14,128     2354.7
2026-05-28 21:47:57  Elapsed: 1s
2026-05-28 21:47:57  
2026-05-28 21:47:57  ────────────────────────────────────────────────────────────────────────
2026-05-28 21:47:57    Sessionization — 4-hour gap split
2026-05-28 21:47:57  ────────────────────────────────────────────────────────────────────────
2026-05-28 21:48:18  Total sessions: 684,255  (21s)
2026-05-28 21:48:18  
2026-05-28 21:48:18  ────────────────────────────────────────────────────────────────────────
2026-05-28 21:48:18    (c) Average wait-time between consecutive trips per borough and hour-of-day
2026-05-28 21:48:18  ────────────────────────────────────────────────────────────────────────
2026-05-28 21:48:21    Borough          Hour   Count    Mean (s)
2026-05-28 21:48:21    None                0     971      1491.9
2026-05-28 21:48:21    None                1     871      1655.7
2026-05-28 21:48:21    None                2     657      1575.0
2026-05-28 21:48:21    None                3     565      1468.0
2026-05-28 21:48:21    None                4     348      1703.7
2026-05-28 21:48:21    None                5     374      2015.5
2026-05-28 21:48:21    None                6     747      1350.0
2026-05-28 21:48:21    None                7   1,096      1091.3
2026-05-28 21:48:21    None                8   1,251       947.2
2026-05-28 21:48:21    None                9   1,235      1254.1
2026-05-28 21:48:21    None               10   1,168      1429.3
2026-05-28 21:48:21    None               11   1,151      1432.9
2026-05-28 21:48:21    None               12   1,247      1179.2
2026-05-28 21:48:21    None               13   1,145      1134.9
2026-05-28 21:48:21    None               14   1,156      1096.5
2026-05-28 21:48:21    None               15   1,130       934.0
2026-05-28 21:48:21    None               16   1,312       748.9
2026-05-28 21:48:21    None               17   1,546       798.9
2026-05-28 21:48:21    None               18   1,631       870.9
2026-05-28 21:48:21    None               19   1,520       993.8
2026-05-28 21:48:21    None               20   1,455      1139.0
2026-05-28 21:48:21    None               21   1,635      1201.9
2026-05-28 21:48:21    None               22   1,734      1300.7
2026-05-28 21:48:21    None               23   1,383      1623.3
2026-05-28 21:48:21    Bronx               0     295      1391.8
2026-05-28 21:48:21    Bronx               1     339      1304.7
2026-05-28 21:48:21    Bronx               2     256      1304.2
2026-05-28 21:48:21    Bronx               3     260      1272.8
2026-05-28 21:48:21    Bronx               4     268      1595.0
2026-05-28 21:48:21    Bronx               5     287      1875.0
2026-05-28 21:48:21    Bronx               6     368      1322.8
2026-05-28 21:48:21    Bronx               7     635      1073.5
2026-05-28 21:48:21    Bronx               8     612       965.1
2026-05-28 21:48:21    Bronx               9     467      1061.3
2026-05-28 21:48:21    Bronx              10     366      1193.3
2026-05-28 21:48:21    Bronx              11     358      1169.5
2026-05-28 21:48:21    Bronx              12     322      1414.9
2026-05-28 21:48:21    Bronx              13     294      1095.3
2026-05-28 21:48:21    Bronx              14     316      1025.1
2026-05-28 21:48:21    Bronx              15     304       939.1
2026-05-28 21:48:21    Bronx              16     329       621.9
2026-05-28 21:48:21    Bronx              17     628       858.3
2026-05-28 21:48:21    Bronx              18     623       876.2
2026-05-28 21:48:21    Bronx              19     487       941.7
2026-05-28 21:48:21    Bronx              20     377       986.7
2026-05-28 21:48:21    Bronx              21     378      1028.4
2026-05-28 21:48:21    Bronx              22     348       978.4
2026-05-28 21:48:21    Bronx              23     308      1318.7
2026-05-28 21:48:21    Brooklyn            0  27,321       922.1
2026-05-28 21:48:21    Brooklyn            1  24,740       854.5
2026-05-28 21:48:21    Brooklyn            2  19,470       853.2
2026-05-28 21:48:21    Brooklyn            3  12,781       787.5
2026-05-28 21:48:21    Brooklyn            4   6,717      1000.3
2026-05-28 21:48:21    Brooklyn            5   4,186      1485.7
2026-05-28 21:48:21    Brooklyn            6   6,667      1105.6
2026-05-28 21:48:21    Brooklyn            7  10,234       856.4
2026-05-28 21:48:21    Brooklyn            8  11,559       759.5
2026-05-28 21:48:21    Brooklyn            9   8,415      1009.8
2026-05-28 21:48:21    Brooklyn           10   6,800      1184.7
2026-05-28 21:48:21    Brooklyn           11   6,477      1164.0
2026-05-28 21:48:21    Brooklyn           12   6,357      1147.0
2026-05-28 21:48:21    Brooklyn           13   6,167      1055.6
2026-05-28 21:48:21    Brooklyn           14   6,010       889.6
2026-05-28 21:48:21    Brooklyn           15   5,875       802.8
2026-05-28 21:48:21    Brooklyn           16   5,865       840.6
2026-05-28 21:48:21    Brooklyn           17   9,419       899.6
2026-05-28 21:48:21    Brooklyn           18  13,004       897.9
2026-05-28 21:48:21    Brooklyn           19  15,843      1012.4
2026-05-28 21:48:21    Brooklyn           20  16,859      1090.4
2026-05-28 21:48:21    Brooklyn           21  19,778      1003.0
2026-05-28 21:48:21    Brooklyn           22  24,975       945.9
2026-05-28 21:48:21    Brooklyn           23  26,635       937.7
2026-05-28 21:48:21    Manhattan           0  420,294       849.4
2026-05-28 21:48:21    Manhattan           1  312,332       884.8
2026-05-28 21:48:21    Manhattan           2  235,832       882.6
2026-05-28 21:48:21    Manhattan           3  163,089       841.0
2026-05-28 21:48:21    Manhattan           4  102,038      1016.3
2026-05-28 21:48:21    Manhattan           5  106,996      1402.6
2026-05-28 21:48:21    Manhattan           6  264,827       888.7
2026-05-28 21:48:21    Manhattan           7  492,356       647.2
2026-05-28 21:48:21    Manhattan           8  636,533       577.0
2026-05-28 21:48:21    Manhattan           9  646,271       793.9
2026-05-28 21:48:21    Manhattan          10  601,641       966.8
2026-05-28 21:48:21    Manhattan          11  619,702       906.2
2026-05-28 21:48:21    Manhattan          12  664,714       809.3
2026-05-28 21:48:21    Manhattan          13  650,829       728.4
2026-05-28 21:48:21    Manhattan          14  656,132       585.4
2026-05-28 21:48:21    Manhattan          15  597,113       480.6
2026-05-28 21:48:21    Manhattan          16  500,786       439.5
2026-05-28 21:48:21    Manhattan          17  682,417       445.8
2026-05-28 21:48:21    Manhattan          18  851,608       492.4
2026-05-28 21:48:21    Manhattan          19  857,475       603.8
2026-05-28 21:48:21    Manhattan          20  779,448       714.5
2026-05-28 21:48:21    Manhattan          21  741,271       679.4
2026-05-28 21:48:21    Manhattan          22  702,037       677.3
2026-05-28 21:48:21    Manhattan          23  551,014       776.5
2026-05-28 21:48:21    Queens              0  17,624      1514.2
2026-05-28 21:48:21    Queens              1   9,104      1591.3
2026-05-28 21:48:21    Queens              2   5,669      1392.6
2026-05-28 21:48:21    Queens              3   4,417      1236.3
2026-05-28 21:48:21    Queens              4   4,393      1668.7
2026-05-28 21:48:21    Queens              5  12,849      2124.1
2026-05-28 21:48:21    Queens              6  19,267      1779.2
2026-05-28 21:48:21    Queens              7  27,409      1590.0
2026-05-28 21:48:21    Queens              8  27,844      1559.3
2026-05-28 21:48:21    Queens              9  26,009      1612.0
2026-05-28 21:48:21    Queens             10  29,765      1703.9
2026-05-28 21:48:21    Queens             11  26,979      1697.8
2026-05-28 21:48:21    Queens             12  26,545      1598.8
2026-05-28 21:48:21    Queens             13  30,007      1426.8
2026-05-28 21:48:21    Queens             14  35,682      1212.7
2026-05-28 21:48:21    Queens             15  34,053      1134.0
2026-05-28 21:48:21    Queens             16  34,775      1135.2
2026-05-28 21:48:21    Queens             17  39,742      1198.1
2026-05-28 21:48:21    Queens             18  39,386      1252.7
2026-05-28 21:48:21    Queens             19  36,497      1358.4
2026-05-28 21:48:21    Queens             20  38,443      1481.8
2026-05-28 21:48:21    Queens             21  38,543      1479.9
2026-05-28 21:48:21    Queens             22  36,501      1501.4
2026-05-28 21:48:21    Queens             23  28,665      1510.0
2026-05-28 21:48:21    Staten Island       0      10      1544.1
2026-05-28 21:48:21    Staten Island       1      12      1328.8
2026-05-28 21:48:21    Staten Island       2      16      1552.4
2026-05-28 21:48:21    Staten Island       3       9      2511.6
2026-05-28 21:48:21    Staten Island       4       1      3060.0
2026-05-28 21:48:21    Staten Island       5       5      1934.8
2026-05-28 21:48:21    Staten Island       6       8      2504.6
2026-05-28 21:48:21    Staten Island       7      51       740.0
2026-05-28 21:48:21    Staten Island       8      60       471.0
2026-05-28 21:48:21    Staten Island       9      45       709.3
2026-05-28 21:48:21    Staten Island      10      38       858.7
2026-05-28 21:48:21    Staten Island      11      35      1052.1
2026-05-28 21:48:21    Staten Island      12      38       810.8
2026-05-28 21:48:21    Staten Island      13      38       721.1
2026-05-28 21:48:21    Staten Island      14      33       604.9
2026-05-28 21:48:21    Staten Island      15      33       696.5
2026-05-28 21:48:21    Staten Island      16      40       518.0
2026-05-28 21:48:21    Staten Island      17      54       306.1
2026-05-28 21:48:21    Staten Island      18      23      1131.1
2026-05-28 21:48:21    Staten Island      19      14      1073.2
2026-05-28 21:48:21    Staten Island      20      17      1023.5
2026-05-28 21:48:21    Staten Island      21      19      1084.1
2026-05-28 21:48:21    Staten Island      22      21      2044.0
2026-05-28 21:48:21    Staten Island      23      15      1291.5
2026-05-28 21:48:21  Elapsed: 3s
2026-05-28 21:48:21  
2026-05-28 21:48:21  ────────────────────────────────────────────────────────────────────────
2026-05-28 21:48:21    (d) Outlier detection — 95th-percentile normalised duration per borough
2026-05-28 21:48:21  ────────────────────────────────────────────────────────────────────────
2026-05-28 21:48:40    Borough           95th-pct (s/km)
2026-05-28 21:48:40    Bronx                     7235.60
2026-05-28 21:48:40    Brooklyn                   448.28
2026-05-28 21:48:40    Manhattan                  578.84
2026-05-28 21:48:40    Queens                     339.22
2026-05-28 21:48:40    Staten Island            14839.72
2026-05-28 21:48:40    Borough            Outliers
2026-05-28 21:48:40    Bronx                   374
2026-05-28 21:48:40    Brooklyn             15,987
2026-05-28 21:48:40    Manhattan           665,548
2026-05-28 21:48:40    Queens               33,426
2026-05-28 21:48:40    Staten Island            17
2026-05-28 21:48:40  Elapsed: 19s
2026-05-28 21:48:40  
2026-05-28 21:48:40  ────────────────────────────────────────────────────────────────────────
2026-05-28 21:48:40    (e) Rush-hour detection — avg normalised duration per hour (descending)
2026-05-28 21:48:40  ────────────────────────────────────────────────────────────────────────
2026-05-28 21:48:42    Hour   Avg norm dur (s/km)
2026-05-28 21:48:42       5                597.54
2026-05-28 21:48:42       3                500.14
2026-05-28 21:48:42       4                494.72
2026-05-28 21:48:42       8                472.70
2026-05-28 21:48:42       9                464.86
2026-05-28 21:48:42       7                458.45
2026-05-28 21:48:42      13                457.00
2026-05-28 21:48:42      11                453.31
2026-05-28 21:48:42      10                452.65
2026-05-28 21:48:42      12                445.40
2026-05-28 21:48:42      14                443.37
2026-05-28 21:48:42      15                442.28
2026-05-28 21:48:42      17                440.26
2026-05-28 21:48:42      16                435.15
2026-05-28 21:48:42      18                433.58
2026-05-28 21:48:42      23                415.66
2026-05-28 21:48:42       0                408.12
2026-05-28 21:48:42       2                406.04
2026-05-28 21:48:42       6                395.44
2026-05-28 21:48:42       1                385.25
2026-05-28 21:48:42      19                381.24
2026-05-28 21:48:42      20                379.53
2026-05-28 21:48:42      22                368.25
2026-05-28 21:48:42      21                362.75
2026-05-28 21:48:42  Elapsed: 2s
2026-05-28 21:48:42  
2026-05-28 21:48:42  ────────────────────────────────────────────────────────────────────────
2026-05-28 21:48:42    All tasks complete
2026-05-28 21:48:42  ────────────────────────────────────────────────────────────────────────
2026-05-28 21:48:43  Spark stopped.
